11-20 19:52:38 com_github_MitjaNemec_PlaceFootprints.action_place_footprints 674:Plugin executed on: 'win32'
11-20 19:52:38 com_github_MitjaNemec_PlaceFootprints.action_place_footprints 675:Plugin executed with python version: '3.11.5 (main, Sep 17 2025, 01:04:48) [MSC v.1944 64 bit (AMD64)]'
11-20 19:52:38 com_github_MitjaNemec_PlaceFootprints.action_place_footprints 676:KiCad build version: 9.0.6
11-20 19:52:38 com_github_MitjaNemec_PlaceFootprints.action_place_footprints 677:Plugin version: 4.0.1
11-20 19:52:38 com_github_MitjaNemec_PlaceFootprints.action_place_footprints 678:Frame repr: <wx._core.Frame object at 0x0000023D24657880>
11-20 19:52:38 com_github_MitjaNemec_PlaceFootprints.place_footprints 121:getting a list of all footprints on board
11-20 19:52:38 com_github_MitjaNemec_PlaceFootprints.place_footprints 156:Footprint C18 on root level
11-20 19:52:38 com_github_MitjaNemec_PlaceFootprints.place_footprints 156:Footprint IR18 on root level
11-20 19:52:38 com_github_MitjaNemec_PlaceFootprints.place_footprints 156:Footprint IR17 on root level
11-20 19:52:38 com_github_MitjaNemec_PlaceFootprints.place_footprints 156:Footprint C7 on root level
11-20 19:52:38 com_github_MitjaNemec_PlaceFootprints.place_footprints 156:Footprint C6 on root level
11-20 19:52:38 com_github_MitjaNemec_PlaceFootprints.place_footprints 156:Footprint C2 on root level
11-20 19:52:38 com_github_MitjaNemec_PlaceFootprints.place_footprints 156:Footprint C8 on root level
11-20 19:52:38 com_github_MitjaNemec_PlaceFootprints.place_footprints 156:Footprint IR1 on root level
11-20 19:52:38 com_github_MitjaNemec_PlaceFootprints.place_footprints 156:Footprint IR11 on root level
11-20 19:52:38 com_github_MitjaNemec_PlaceFootprints.place_footprints 156:Footprint C12 on root level
11-20 19:52:38 com_github_MitjaNemec_PlaceFootprints.place_footprints 156:Footprint R6 on root level
11-20 19:52:38 com_github_MitjaNemec_PlaceFootprints.place_footprints 156:Footprint R12 on root level
11-20 19:52:38 com_github_MitjaNemec_PlaceFootprints.place_footprints 156:Footprint R3 on root level
11-20 19:52:38 com_github_MitjaNemec_PlaceFootprints.place_footprints 156:Footprint J2 on root level
11-20 19:52:38 com_github_MitjaNemec_PlaceFootprints.place_footprints 156:Footprint IR2 on root level
11-20 19:52:38 com_github_MitjaNemec_PlaceFootprints.place_footprints 156:Footprint R5 on root level
11-20 19:52:38 com_github_MitjaNemec_PlaceFootprints.place_footprints 156:Footprint C5 on root level
11-20 19:52:38 com_github_MitjaNemec_PlaceFootprints.place_footprints 156:Footprint SW2 on root level
11-20 19:52:38 com_github_MitjaNemec_PlaceFootprints.place_footprints 156:Footprint IR13 on root level
11-20 19:52:38 com_github_MitjaNemec_PlaceFootprints.place_footprints 156:Footprint IR10 on root level
11-20 19:52:38 com_github_MitjaNemec_PlaceFootprints.place_footprints 156:Footprint R9 on root level
11-20 19:52:38 com_github_MitjaNemec_PlaceFootprints.place_footprints 156:Footprint C11 on root level
11-20 19:52:38 com_github_MitjaNemec_PlaceFootprints.place_footprints 156:Footprint R11 on root level
11-20 19:52:38 com_github_MitjaNemec_PlaceFootprints.place_footprints 156:Footprint C14 on root level
11-20 19:52:38 com_github_MitjaNemec_PlaceFootprints.place_footprints 156:Footprint C3 on root level
11-20 19:52:38 com_github_MitjaNemec_PlaceFootprints.place_footprints 156:Footprint C17 on root level
11-20 19:52:38 com_github_MitjaNemec_PlaceFootprints.place_footprints 156:Footprint IR16 on root level
11-20 19:52:38 com_github_MitjaNemec_PlaceFootprints.place_footprints 156:Footprint R16 on root level
11-20 19:52:38 com_github_MitjaNemec_PlaceFootprints.place_footprints 156:Footprint IR8 on root level
11-20 19:52:38 com_github_MitjaNemec_PlaceFootprints.place_footprints 156:Footprint R17 on root level
11-20 19:52:38 com_github_MitjaNemec_PlaceFootprints.place_footprints 156:Footprint R4 on root level
11-20 19:52:38 com_github_MitjaNemec_PlaceFootprints.place_footprints 156:Footprint IR14 on root level
11-20 19:52:38 com_github_MitjaNemec_PlaceFootprints.place_footprints 156:Footprint IR6 on root level
11-20 19:52:38 com_github_MitjaNemec_PlaceFootprints.place_footprints 156:Footprint R1 on root level
11-20 19:52:38 com_github_MitjaNemec_PlaceFootprints.place_footprints 156:Footprint C16 on root level
11-20 19:52:38 com_github_MitjaNemec_PlaceFootprints.place_footprints 156:Footprint C13 on root level
11-20 19:52:38 com_github_MitjaNemec_PlaceFootprints.place_footprints 156:Footprint R18 on root level
11-20 19:52:38 com_github_MitjaNemec_PlaceFootprints.place_footprints 156:Footprint C15 on root level
11-20 19:52:38 com_github_MitjaNemec_PlaceFootprints.place_footprints 156:Footprint IR5 on root level
11-20 19:52:38 com_github_MitjaNemec_PlaceFootprints.place_footprints 156:Footprint SW4 on root level
11-20 19:52:38 com_github_MitjaNemec_PlaceFootprints.place_footprints 156:Footprint C10 on root level
11-20 19:52:38 com_github_MitjaNemec_PlaceFootprints.place_footprints 156:Footprint IR7 on root level
11-20 19:52:38 com_github_MitjaNemec_PlaceFootprints.place_footprints 156:Footprint IR9 on root level
11-20 19:52:38 com_github_MitjaNemec_PlaceFootprints.place_footprints 156:Footprint R2 on root level
11-20 19:52:38 com_github_MitjaNemec_PlaceFootprints.place_footprints 156:Footprint IR4 on root level
11-20 19:52:38 com_github_MitjaNemec_PlaceFootprints.place_footprints 156:Footprint R7 on root level
11-20 19:52:38 com_github_MitjaNemec_PlaceFootprints.place_footprints 156:Footprint IR3 on root level
11-20 19:52:38 com_github_MitjaNemec_PlaceFootprints.place_footprints 156:Footprint SW5 on root level
11-20 19:52:38 com_github_MitjaNemec_PlaceFootprints.place_footprints 156:Footprint U11 on root level
11-20 19:52:38 com_github_MitjaNemec_PlaceFootprints.place_footprints 156:Footprint R13 on root level
11-20 19:52:38 com_github_MitjaNemec_PlaceFootprints.place_footprints 156:Footprint IR15 on root level
11-20 19:52:38 com_github_MitjaNemec_PlaceFootprints.place_footprints 156:Footprint C4 on root level
11-20 19:52:38 com_github_MitjaNemec_PlaceFootprints.place_footprints 156:Footprint R15 on root level
11-20 19:52:38 com_github_MitjaNemec_PlaceFootprints.place_footprints 156:Footprint R8 on root level
11-20 19:52:38 com_github_MitjaNemec_PlaceFootprints.place_footprints 156:Footprint SW1 on root level
11-20 19:52:38 com_github_MitjaNemec_PlaceFootprints.place_footprints 156:Footprint R14 on root level
11-20 19:52:38 com_github_MitjaNemec_PlaceFootprints.place_footprints 156:Footprint IR12 on root level
11-20 19:52:38 com_github_MitjaNemec_PlaceFootprints.place_footprints 156:Footprint R10 on root level
11-20 19:52:38 com_github_MitjaNemec_PlaceFootprints.place_footprints 156:Footprint C9 on root level
11-20 19:52:38 com_github_MitjaNemec_PlaceFootprints.place_footprints 156:Footprint C1 on root level
11-20 19:52:38 com_github_MitjaNemec_PlaceFootprints.action_place_footprints 717:Reference footprint='R2'
11-20 19:52:39 com_github_MitjaNemec_PlaceFootprints.action_place_footprints 858:Reference designator is: R
11-20 19:52:39 com_github_MitjaNemec_PlaceFootprints.action_place_footprints 859:Reference number is: 2
11-20 19:52:39 com_github_MitjaNemec_PlaceFootprints.action_place_footprints 891:Sorted and filtered list:
['R1', 'R2', 'R3', 'R4', 'R5', 'R6', 'R7', 'R8', 'R9', 'R10', 'R11', 'R12', 'R13', 'R14', 'R15', 'R16', 'R17', 'R18']
11-20 19:52:39 com_github_MitjaNemec_PlaceFootprints.action_place_footprints 376:wx.Colour(240, 240, 240, 255)
11-20 19:52:44 com_github_MitjaNemec_PlaceFootprints.action_place_footprints 507:'45'
11-20 19:52:44 com_github_MitjaNemec_PlaceFootprints.action_place_footprints 559:Preparing config for reference circular
11-20 19:52:44 com_github_MitjaNemec_PlaceFootprints.action_place_footprints 573:Saving config file
11-20 19:52:44 com_github_MitjaNemec_PlaceFootprints.action_place_footprints 575:Saved the config file
11-20 19:52:44 com_github_MitjaNemec_PlaceFootprints.action_place_footprints 929:Footprints to place:
['R1', 'R2', 'R3', 'R4', 'R5', 'R6', 'R7', 'R8', 'R9', 'R10', 'R11', 'R12', 'R13', 'R14', 'R15', 'R16', 'R17', 'R18']
11-20 19:52:44 com_github_MitjaNemec_PlaceFootprints.place_footprints 359:Starting placing with circular layout
11-20 19:52:44 com_github_MitjaNemec_PlaceFootprints.place_footprints 369:reference footprint position at: VECTOR2I(99350000, 69462500)
11-20 19:52:44 com_github_MitjaNemec_PlaceFootprints.place_footprints 374:rotation center at: (99350000, 114462500.0)
11-20 19:52:44 com_github_MitjaNemec_PlaceFootprints.place_footprints 506:Text of: R2 has property "Keep upright" rotation might not look as intended
11-20 19:52:44 com_github_MitjaNemec_PlaceFootprints.place_footprints 506:Text of: R2 has property "Keep upright" rotation might not look as intended
11-20 19:52:44 com_github_MitjaNemec_PlaceFootprints.place_footprints 506:Text of: R2 has property "Keep upright" rotation might not look as intended
11-20 19:52:44 com_github_MitjaNemec_PlaceFootprints.place_footprints 506:Text of: R2 has property "Keep upright" rotation might not look as intended
11-20 19:52:44 com_github_MitjaNemec_PlaceFootprints.place_footprints 506:Text of: R2 has property "Keep upright" rotation might not look as intended
11-20 19:52:44 com_github_MitjaNemec_PlaceFootprints.place_footprints 506:Text of: R2 has property "Keep upright" rotation might not look as intended
11-20 19:52:44 com_github_MitjaNemec_PlaceFootprints.place_footprints 506:Text of: R2 has property "Keep upright" rotation might not look as intended
11-20 19:52:44 com_github_MitjaNemec_PlaceFootprints.place_footprints 506:Text of: R2 has property "Keep upright" rotation might not look as intended
11-20 19:52:44 com_github_MitjaNemec_PlaceFootprints.place_footprints 506:Text of: R2 has property "Keep upright" rotation might not look as intended
11-20 19:52:44 com_github_MitjaNemec_PlaceFootprints.place_footprints 506:Text of: R2 has property "Keep upright" rotation might not look as intended
11-20 19:52:44 com_github_MitjaNemec_PlaceFootprints.place_footprints 506:Text of: R2 has property "Keep upright" rotation might not look as intended
11-20 19:52:44 com_github_MitjaNemec_PlaceFootprints.place_footprints 506:Text of: R2 has property "Keep upright" rotation might not look as intended
11-20 19:52:44 com_github_MitjaNemec_PlaceFootprints.place_footprints 506:Text of: R2 has property "Keep upright" rotation might not look as intended
11-20 19:52:44 com_github_MitjaNemec_PlaceFootprints.place_footprints 506:Text of: R2 has property "Keep upright" rotation might not look as intended
11-20 19:52:44 com_github_MitjaNemec_PlaceFootprints.place_footprints 506:Text of: R2 has property "Keep upright" rotation might not look as intended
11-20 19:52:44 com_github_MitjaNemec_PlaceFootprints.place_footprints 506:Text of: R2 has property "Keep upright" rotation might not look as intended
11-20 19:52:44 com_github_MitjaNemec_PlaceFootprints.place_footprints 506:Text of: R2 has property "Keep upright" rotation might not look as intended
11-20 19:52:44 com_github_MitjaNemec_PlaceFootprints.place_footprints 506:Text of: R2 has property "Keep upright" rotation might not look as intended
11-20 19:52:44 com_github_MitjaNemec_PlaceFootprints.place_footprints 506:Text of: R2 has property "Keep upright" rotation might not look as intended
11-20 19:52:44 com_github_MitjaNemec_PlaceFootprints.place_footprints 506:Text of: R2 has property "Keep upright" rotation might not look as intended
11-20 19:52:44 com_github_MitjaNemec_PlaceFootprints.place_footprints 506:Text of: R2 has property "Keep upright" rotation might not look as intended
11-20 19:52:44 com_github_MitjaNemec_PlaceFootprints.place_footprints 506:Text of: R2 has property "Keep upright" rotation might not look as intended
11-20 19:52:44 com_github_MitjaNemec_PlaceFootprints.place_footprints 506:Text of: R2 has property "Keep upright" rotation might not look as intended
11-20 19:52:44 com_github_MitjaNemec_PlaceFootprints.place_footprints 506:Text of: R2 has property "Keep upright" rotation might not look as intended
11-20 19:52:44 com_github_MitjaNemec_PlaceFootprints.place_footprints 506:Text of: R2 has property "Keep upright" rotation might not look as intended
11-20 19:52:44 com_github_MitjaNemec_PlaceFootprints.place_footprints 506:Text of: R2 has property "Keep upright" rotation might not look as intended
11-20 19:52:44 com_github_MitjaNemec_PlaceFootprints.place_footprints 506:Text of: R2 has property "Keep upright" rotation might not look as intended
11-20 19:52:44 com_github_MitjaNemec_PlaceFootprints.place_footprints 506:Text of: R2 has property "Keep upright" rotation might not look as intended
11-20 19:52:44 com_github_MitjaNemec_PlaceFootprints.place_footprints 506:Text of: R2 has property "Keep upright" rotation might not look as intended
11-20 19:52:44 com_github_MitjaNemec_PlaceFootprints.place_footprints 506:Text of: R2 has property "Keep upright" rotation might not look as intended
11-20 19:52:44 com_github_MitjaNemec_PlaceFootprints.place_footprints 506:Text of: R2 has property "Keep upright" rotation might not look as intended
11-20 19:52:44 com_github_MitjaNemec_PlaceFootprints.place_footprints 506:Text of: R2 has property "Keep upright" rotation might not look as intended
11-20 19:52:44 com_github_MitjaNemec_PlaceFootprints.place_footprints 506:Text of: R2 has property "Keep upright" rotation might not look as intended
11-20 19:52:44 com_github_MitjaNemec_PlaceFootprints.place_footprints 506:Text of: R2 has property "Keep upright" rotation might not look as intended
11-20 19:52:44 com_github_MitjaNemec_PlaceFootprints.place_footprints 506:Text of: R2 has property "Keep upright" rotation might not look as intended
11-20 19:52:44 com_github_MitjaNemec_PlaceFootprints.place_footprints 506:Text of: R2 has property "Keep upright" rotation might not look as intended
11-20 19:52:44 com_github_MitjaNemec_PlaceFootprints.place_footprints 506:Text of: R2 has property "Keep upright" rotation might not look as intended
11-20 19:52:44 com_github_MitjaNemec_PlaceFootprints.place_footprints 506:Text of: R2 has property "Keep upright" rotation might not look as intended
11-20 19:52:44 com_github_MitjaNemec_PlaceFootprints.place_footprints 506:Text of: R2 has property "Keep upright" rotation might not look as intended
11-20 19:52:44 com_github_MitjaNemec_PlaceFootprints.place_footprints 506:Text of: R2 has property "Keep upright" rotation might not look as intended
11-20 19:52:44 com_github_MitjaNemec_PlaceFootprints.place_footprints 506:Text of: R2 has property "Keep upright" rotation might not look as intended
11-20 19:52:44 com_github_MitjaNemec_PlaceFootprints.place_footprints 506:Text of: R2 has property "Keep upright" rotation might not look as intended
11-20 19:52:44 com_github_MitjaNemec_PlaceFootprints.place_footprints 506:Text of: R2 has property "Keep upright" rotation might not look as intended
11-20 19:52:44 com_github_MitjaNemec_PlaceFootprints.place_footprints 506:Text of: R2 has property "Keep upright" rotation might not look as intended
11-20 19:52:44 com_github_MitjaNemec_PlaceFootprints.place_footprints 506:Text of: R2 has property "Keep upright" rotation might not look as intended
11-20 19:52:44 com_github_MitjaNemec_PlaceFootprints.place_footprints 506:Text of: R2 has property "Keep upright" rotation might not look as intended
11-20 19:52:44 com_github_MitjaNemec_PlaceFootprints.place_footprints 506:Text of: R2 has property "Keep upright" rotation might not look as intended
11-20 19:52:44 com_github_MitjaNemec_PlaceFootprints.place_footprints 506:Text of: R2 has property "Keep upright" rotation might not look as intended
11-20 19:52:44 com_github_MitjaNemec_PlaceFootprints.place_footprints 506:Text of: R2 has property "Keep upright" rotation might not look as intended
11-20 19:52:44 com_github_MitjaNemec_PlaceFootprints.place_footprints 506:Text of: R2 has property "Keep upright" rotation might not look as intended
11-20 19:52:44 com_github_MitjaNemec_PlaceFootprints.place_footprints 506:Text of: R2 has property "Keep upright" rotation might not look as intended
11-20 19:52:44 com_github_MitjaNemec_PlaceFootprints.action_place_footprints 944:Placing complete
